Rc files read (in order):
  NONE
Latexmk: This is Latexmk, John Collins, 9 March 2026. Version 4.88.
No existing .aux file, so I'll make a simple one, and require run of *latex.
Latexmk: applying rule 'pdflatex'...
Rule 'pdflatex':  Reasons for rerun
Category 'other':
  Rerun of 'pdflatex' forced or previously required:
    Reason or flag: 'Initial setup'

------------
Run number 1 of rule 'pdflatex'
------------
------------
Running 'pdflatex  -interaction=nonstopmode -halt-on-error -recorder  "fse_focused_v4.tex"'
------------
This is pdfTeX, Version 3.141592653-2.6-1.40.27 (MiKTeX 25.4) (preloaded format=pdflatex.fmt)
 restricted \write18 enabled.
entering extended mode
(fse_focused_v4.tex
LaTeX2e <2025-06-01> patch level 1
L3 programming layer <2025-09-02>
(C:\Users\anshu\AppData\Local\Programs\MiKTeX\tex/latex/acmart\acmart.cls
Document Class: acmart 2025/08/27 v2.16 Typesetting articles for the Associatio
n for Computing Machinery
(C:\Users\anshu\AppData\Local\Programs\MiKTeX\tex/latex/xkeyval\xkeyval.sty
(C:\Users\anshu\AppData\Local\Programs\MiKTeX\tex/generic/xkeyval\xkeyval.tex
(C:\Users\anshu\AppData\Local\Programs\MiKTeX\tex/generic/xkeyval\xkvutils.tex
(C:\Users\anshu\AppData\Local\Programs\MiKTeX\tex/generic/xkeyval\keyval.tex)))
) (C:\Users\anshu\AppData\Local\Programs\MiKTeX\tex/latex/xstring\xstring.sty
(C:\Users\anshu\AppData\Local\Programs\MiKTeX\tex/generic/xstring\xstring.tex))
 (C:\Users\anshu\AppData\Local\Programs\MiKTeX\tex/generic/iftex\iftex.sty)
(C:\Users\anshu\AppData\Local\Programs\MiKTeX\tex/latex/amscls\amsart.cls
Document Class: amsart 2020/05/29 v2.20.6
(C:\Users\anshu\AppData\Local\Programs\MiKTeX\tex/latex/amsmath\amsmath.sty
For additional information on amsmath, use the `?' option.
(C:\Users\anshu\AppData\Local\Programs\MiKTeX\tex/latex/amsmath\amstext.sty
(C:\Users\anshu\AppData\Local\Programs\MiKTeX\tex/latex/amsmath\amsgen.sty))
(C:\Users\anshu\AppData\Local\Programs\MiKTeX\tex/latex/amsmath\amsbsy.sty)
(C:\Users\anshu\AppData\Local\Programs\MiKTeX\tex/latex/amsmath\amsopn.sty))
(C:\Users\anshu\AppData\Local\Programs\MiKTeX\tex/latex/amsfonts\umsa.fd)
(C:\Users\anshu\AppData\Local\Programs\MiKTeX\tex/latex/amsfonts\amsfonts.sty))

(C:\Users\anshu\AppData\Local\Programs\MiKTeX\tex/latex/microtype\microtype.sty
(C:\Users\anshu\AppData\Local\Programs\MiKTeX\tex/latex/etoolbox\etoolbox.sty)
(C:\Users\anshu\AppData\Local\Programs\MiKTeX\tex/latex/microtype\microtype-pdf
tex.def)
(C:\Users\anshu\AppData\Local\Programs\MiKTeX\tex/latex/microtype\microtype.cfg
))
(C:\Users\anshu\AppData\Local\Programs\MiKTeX\tex/latex/booktabs\booktabs.sty)
(C:\Users\anshu\AppData\Local\Programs\MiKTeX\tex/latex/refcount\refcount.sty
(C:\Users\anshu\AppData\Local\Programs\MiKTeX\tex/generic/ltxcmds\ltxcmds.sty)
(C:\Users\anshu\AppData\Local\Programs\MiKTeX\tex/generic/infwarerr\infwarerr.s
ty))
(C:\Users\anshu\AppData\Local\Programs\MiKTeX\tex/latex/totpages\totpages.sty
(C:\Users\anshu\AppData\Local\Programs\MiKTeX\tex/latex/everyshi\everyshi.sty))
 (C:\Users\anshu\AppData\Local\Programs\MiKTeX\tex/latex/environ\environ.sty
(C:\Users\anshu\AppData\Local\Programs\MiKTeX\tex/latex/trimspaces\trimspaces.s
ty)) (C:\Users\anshu\AppData\Local\Programs\MiKTeX\tex/latex/natbib\natbib.sty)
 (C:\Users\anshu\AppData\Local\Programs\MiKTeX\tex/latex/hyperref\hyperref.sty
(C:\Users\anshu\AppData\Local\Programs\MiKTeX\tex/latex/kvsetkeys\kvsetkeys.sty
)
(C:\Users\anshu\AppData\Local\Programs\MiKTeX\tex/generic/kvdefinekeys\kvdefine
keys.sty)
(C:\Users\anshu\AppData\Local\Programs\MiKTeX\tex/generic/pdfescape\pdfescape.s
ty
(C:\Users\anshu\AppData\Local\Programs\MiKTeX\tex/generic/pdftexcmds\pdftexcmds
.sty))
(C:\Users\anshu\AppData\Local\Programs\MiKTeX\tex/latex/hycolor\hycolor.sty)
(C:\Users\anshu\AppData\Local\Programs\MiKTeX\tex/latex/hyperref\nameref.sty
(C:\Users\anshu\AppData\Local\Programs\MiKTeX\tex/generic/gettitlestring\gettit
lestring.sty
(C:\Users\anshu\AppData\Local\Programs\MiKTeX\tex/latex/kvoptions\kvoptions.sty
)))
(C:\Users\anshu\AppData\Local\Programs\MiKTeX\tex/generic/stringenc\stringenc.s
ty) (C:\Users\anshu\AppData\Local\Programs\MiKTeX\tex/latex/hyperref\pd1enc.def
) (C:\Users\anshu\AppData\Local\Programs\MiKTeX\tex/generic/intcalc\intcalc.sty
) (C:\Users\anshu\AppData\Local\Programs\MiKTeX\tex/latex/hyperref\puenc.def)
(C:\Users\anshu\AppData\Local\Programs\MiKTeX\tex/latex/url\url.sty)
(C:\Users\anshu\AppData\Local\Programs\MiKTeX\tex/generic/bitset\bitset.sty
(C:\Users\anshu\AppData\Local\Programs\MiKTeX\tex/generic/bigintcalc\bigintcalc
.sty)))
(C:\Users\anshu\AppData\Local\Programs\MiKTeX\tex/latex/hyperref\hpdftex.def
(C:\Users\anshu\AppData\Local\Programs\MiKTeX\tex/latex/rerunfilecheck\rerunfil
echeck.sty
(C:\Users\anshu\AppData\Local\Programs\MiKTeX\tex/generic/uniquecounter\uniquec
ounter.sty)))
(C:\Users\anshu\AppData\Local\Programs\MiKTeX\tex/latex/hyperxmp\hyperxmp.sty
(C:\Users\anshu\AppData\Local\Programs\MiKTeX\tex/latex/ifmtarg\ifmtarg.sty)
(C:\Users\anshu\AppData\Local\Programs\MiKTeX\tex/latex/base\ifthen.sty)
(C:\Users\anshu\AppData\Local\Programs\MiKTeX\tex/latex/oberdiek\ifdraft.sty)
(C:\Users\anshu\AppData\Local\Programs\MiKTeX\tex/generic/iftex\ifluatex.sty))
(C:\Users\anshu\AppData\Local\Programs\MiKTeX\tex/latex/graphics\graphicx.sty
(C:\Users\anshu\AppData\Local\Programs\MiKTeX\tex/latex/graphics\graphics.sty
(C:\Users\anshu\AppData\Local\Programs\MiKTeX\tex/latex/graphics\trig.sty)
(C:\Users\anshu\AppData\Local\Programs\MiKTeX\tex/latex/graphics-cfg\graphics.c
fg)
(C:\Users\anshu\AppData\Local\Programs\MiKTeX\tex/latex/graphics-def\pdftex.def
))) (C:\Users\anshu\AppData\Local\Programs\MiKTeX\tex/latex/xcolor\xcolor.sty
(C:\Users\anshu\AppData\Local\Programs\MiKTeX\tex/latex/graphics-cfg\color.cfg)
(C:\Users\anshu\AppData\Local\Programs\MiKTeX\tex/latex/graphics\mathcolor.ltx)
) (C:\Users\anshu\AppData\Local\Programs\MiKTeX\tex/latex/geometry\geometry.sty
(C:\Users\anshu\AppData\Local\Programs\MiKTeX\tex/generic/iftex\ifvtex.sty)
(C:\Users\anshu\AppData\Local\Programs\MiKTeX\tex/latex/geometry\geometry.cfg))
(C:\Users\anshu\AppData\Local\Programs\MiKTeX\tex/latex/ncctools\manyfoot.sty
(C:\Users\anshu\AppData\Local\Programs\MiKTeX\tex/latex/ncctools\nccfoots.sty))

(C:\Users\anshu\AppData\Local\Programs\MiKTeX\tex/generic/pdftex\glyphtounicode
.tex) (C:\Users\anshu\AppData\Local\Programs\MiKTeX\tex/latex/cmap\cmap.sty)
(C:\Users\anshu\AppData\Local\Programs\MiKTeX\tex/latex/base\fontenc.sty<<t1.cm
ap>>)
(C:\Users\anshu\AppData\Local\Programs\MiKTeX\tex/latex/libertine\libertine.sty
(C:\Users\anshu\AppData\Local\Programs\MiKTeX\tex/generic/iftex\ifxetex.sty)
(C:\Users\anshu\AppData\Local\Programs\MiKTeX\tex/latex/base\textcomp.sty)
(C:\Users\anshu\AppData\Local\Programs\MiKTeX\tex/latex/base\fontenc.sty)
(C:\Users\anshu\AppData\Local\Programs\MiKTeX\tex/latex/fontaxes\fontaxes.sty
(C:\Users\anshu\AppData\Local\Programs\MiKTeX\tex/latex/figureversions\figureve
rsions.sty))
(C:\Users\anshu\AppData\Local\Programs\MiKTeX\tex/latex/libertine\LinLibertine_
I.tex))
(C:\Users\anshu\AppData\Local\Programs\MiKTeX\tex/latex/inconsolata\zi4.sty
`inconsolata-zi4' v1.12, 2019/05/17 Text macros for Inconsolata (msharpe))
(C:\Users\anshu\AppData\Local\Programs\MiKTeX\tex/latex/newtx\newtxmath.sty
`newtxmath' v1.754, 2024/09/22 Math macros based originally on txfonts (msharpe
)
(C:\Users\anshu\AppData\Local\Programs\MiKTeX\tex/latex/oberdiek\centernot.sty)
(C:\Users\anshu\AppData\Local\Programs\MiKTeX\tex/generic/binhex\binhex.tex)
amsthm NOT loaded
) (C:\Users\anshu\AppData\Local\Programs\MiKTeX\tex/latex/caption\caption.sty
(C:\Users\anshu\AppData\Local\Programs\MiKTeX\tex/latex/caption\caption3.sty
(C:\Users\anshu\AppData\Local\Programs\MiKTeX\tex/latex/caption\caption-ams-smf
.sto))) (C:\Users\anshu\AppData\Local\Programs\MiKTeX\tex/latex/float\float.sty
) (C:\Users\anshu\AppData\Local\Programs\MiKTeX\tex/latex/comment\comment.sty
Excluding comment 'comment') Excluding comment 'CCSXML'
(C:\Users\anshu\AppData\Local\Programs\MiKTeX\tex/latex/fancyhdr\fancyhdr.sty)
Special comment 'acks'
(C:\Users\anshu\AppData\Local\Programs\MiKTeX\tex/latex/libertine\t1linuxlibert
inet-tlf.fd))
(C:\Users\anshu\AppData\Local\Programs\MiKTeX\tex/latex/tools\tabularx.sty
(C:\Users\anshu\AppData\Local\Programs\MiKTeX\tex/latex/tools\array.sty))
(C:\Users\anshu\AppData\Local\Programs\MiKTeX\tex/latex/enumitem\enumitem.sty)
(C:\Users\anshu\AppData\Local\Programs\MiKTeX\tex/latex/listings\listings.sty
(C:\Users\anshu\AppData\Local\Programs\MiKTeX\tex/latex/listings\lstpatch.sty)
(C:\Users\anshu\AppData\Local\Programs\MiKTeX\tex/latex/listings\lstmisc.sty)
(C:\Users\anshu\AppData\Local\Programs\MiKTeX\tex/latex/listings\listings.cfg))
Include comment 'screenonly' Excluding comment 'printonly'
Include comment 'anonsuppress'
(C:\Users\anshu\AppData\Local\Programs\MiKTeX\tex/latex/l3backend\l3backend-pdf
tex.def) (fse_focused_v4.aux)
(C:\Users\anshu\AppData\Local\Programs\MiKTeX\tex/latex/newtx\omlnxlmi.fd)
(C:\Users\anshu\AppData\Local\Programs\MiKTeX\tex/latex/newtx\untxexa.fd)
(C:\Users\anshu\AppData\Local\Programs\MiKTeX\tex/latex/newtx\lmsntxsy.fd)
(C:\Users\anshu\AppData\Local\Programs\MiKTeX\tex/latex/newtx\lmxntxexx.fd)
(C:\Users\anshu\AppData\Local\Programs\MiKTeX\tex/latex/libertine\ot1linuxliber
tinet-tlf.fd)<<ot1.cmap>><<oml.cmap>>
(C:\Users\anshu\AppData\Local\Programs\MiKTeX\tex/latex/amsfonts\umsa.fd)
(C:\Users\anshu\AppData\Local\Programs\MiKTeX\tex/latex/amsfonts\umsb.fd)
(C:\Users\anshu\AppData\Local\Programs\MiKTeX\tex/latex/newtx\untxmia.fd)
(C:\Users\anshu\AppData\Local\Programs\MiKTeX\tex/latex/newtx\untxsym.fd)
(C:\Users\anshu\AppData\Local\Programs\MiKTeX\tex/latex/newtx\untxsyc.fd)
(C:\Users\anshu\AppData\Local\Programs\MiKTeX\tex/context/base/mkii\supp-pdf.mk
ii
[Loading MPS to PDF converter (version 2006.09.02).]
)
(C:\Users\anshu\AppData\Local\Programs\MiKTeX\tex/latex/epstopdf-pkg\epstopdf-b
ase.sty
(C:\Users\anshu\AppData\Local\Programs\MiKTeX\tex/latex/00miktex\epstopdf-sys.c
fg))
*geometry* driver: auto-detecting
*geometry* detected driver: pdftex
(C:\Users\anshu\AppData\Local\Programs\MiKTeX\tex/latex/upquote\upquote.sty)
(C:\Users\anshu\AppData\Local\Programs\MiKTeX\tex/latex/libertine\t1linuxbiolin
umt-tlf.fd)

(C:\Users\anshu\AppData\Local\Programs\MiKTeX\tex/generic/stringenc\se-pdfdoc.d
ef)
(C:\Users\anshu\AppData\Local\Programs\MiKTeX\tex/generic/stringenc\se-utf8.def
) [1.1{C:/Users/anshu/AppData/Local/MiKTeX/fonts/map/pdftex/pdftex.map}{C:/User
s/anshu/AppData/Local/Programs/MiKTeX/fonts/enc/dvips/libertine/lbtn_25tcsq.enc
}{C:/Users/anshu/AppData/Local/Programs/MiKTeX/fonts/enc/dvips/libertine/lbtn_7
6gpa5.enc}{C:/Users/anshu/AppData/Local/Programs/MiKTeX/fonts/enc/dvips/liberti
ne/lbtn_7grukw.enc}{C:/Users/anshu/AppData/Local/Programs/MiKTeX/fonts/enc/dvip
s/libertine/lbtn_nh77jq.enc}]
(C:\Users\anshu\AppData\Local\Programs\MiKTeX\tex/latex/microtype\mt-msa.cfg)
(C:\Users\anshu\AppData\Local\Programs\MiKTeX\tex/latex/microtype\mt-msb.cfg)

Package natbib Warning: Citation `ref27' on page 2 undefined on input line 127.



Package natbib Warning: Citation `ref14' on page 2 undefined on input line 130.



Package natbib Warning: Citation `ref16' on page 2 undefined on input line 130.



Package natbib Warning: Citation `ref22' on page 2 undefined on input line 131.



Package natbib Warning: Citation `ref23' on page 2 undefined on input line 142.



[2.2]

Package natbib Warning: Citation `ref23' on page 3 undefined on input line 231.



Package natbib Warning: Citation `ref24' on page 3 undefined on input line 231.



Package natbib Warning: Citation `ref25' on page 3 undefined on input line 232.



Package natbib Warning: Citation `ref26' on page 3 undefined on input line 232.



Package natbib Warning: Citation `ref6' on page 3 undefined on input line 239.


Package natbib Warning: Citation `ref34' on page 3 undefined on input line 239.




Package fancyhdr Warning: \headheight is too small (13.0pt): 
(fancyhdr)                Make it at least 18.48402pt, for example:
(fancyhdr)                \setlength{\headheight}{18.48402pt}.
(fancyhdr)                You might also make \topmargin smaller:
(fancyhdr)                \addtolength{\topmargin}{-5.48402pt}.

[3.3]

Package natbib Warning: Citation `ref4' on page 4 undefined on input line 263.


Package natbib Warning: Citation `ref5' on page 4 undefined on input line 263.


Package natbib Warning: Citation `ref9' on page 4 undefined on input line 266.


Package natbib Warning: Citation `ref10' on page 4 undefined on input line 266.



Package natbib Warning: Citation `ref11' on page 4 undefined on input line 266.



Package natbib Warning: Citation `ref12' on page 4 undefined on input line 266.



Package natbib Warning: Citation `ref13' on page 4 undefined on input line 266.



Package natbib Warning: Citation `ref14' on page 4 undefined on input line 268.



Package natbib Warning: Citation `ref20' on page 4 undefined on input line 268.



Package natbib Warning: Citation `ref15' on page 4 undefined on input line 271.



Package natbib Warning: Citation `ref16' on page 4 undefined on input line 271.



Package natbib Warning: Citation `ref17' on page 4 undefined on input line 271.



Package natbib Warning: Citation `ref18' on page 4 undefined on input line 271.



Package natbib Warning: Citation `ref22' on page 4 undefined on input line 273.



Package natbib Warning: Citation `ref19' on page 4 undefined on input line 273.



[4.4]

Package fancyhdr Warning: \headheight is too small (13.0pt): 
(fancyhdr)                Make it at least 18.48402pt, for example:
(fancyhdr)                \setlength{\headheight}{18.48402pt}.
(fancyhdr)                You might also make \topmargin smaller:
(fancyhdr)                \addtolength{\topmargin}{-5.48402pt}.

[5.5]
(C:\Users\anshu\AppData\Local\Programs\MiKTeX\tex/latex/inconsolata\t1zi4.fd)
Underfull \vbox (badness 10000) has occurred while \output is active
[6.6{C:/Users/anshu/AppData/Local/Programs/MiKTeX/fonts/enc/dvips/inconsolata/i
4-t1-4.enc}]
Underfull \vbox (badness 10000) has occurred while \output is active

Package fancyhdr Warning: \headheight is too small (13.0pt): 
(fancyhdr)                Make it at least 18.48402pt, for example:
(fancyhdr)                \setlength{\headheight}{18.48402pt}.
(fancyhdr)                You might also make \topmargin smaller:
(fancyhdr)                \addtolength{\topmargin}{-5.48402pt}.

[7.7]
Overfull \hbox (24.0963pt too wide) in paragraph at lines 576--580
[]\T1/LinuxLibertineT-TLF/b/n/10 (-20) It trans-ferred to a fault type it had n
ever seen. \T1/LinuxLibertineT-TLF/m/n/10 (-20) The re-design caught the sealed
 RE-SOURCE_BUDGET

Underfull \vbox (badness 10000) has occurred while \output is active
[8.8]

Package fancyhdr Warning: \headheight is too small (13.0pt): 
(fancyhdr)                Make it at least 18.48402pt, for example:
(fancyhdr)                \setlength{\headheight}{18.48402pt}.
(fancyhdr)                You might also make \topmargin smaller:
(fancyhdr)                \addtolength{\topmargin}{-5.48402pt}.

[9.9{C:/Users/anshu/AppData/Local/Programs/MiKTeX/fonts/enc/dvips/libertine/lbt
n_ki75ao.enc}]

Package natbib Warning: Citation `ref38' on page 10 undefined on input line 679
.


LaTeX Warning: Reference `tab:v3-overhead' on page 10 undefined on input line 7
04.


LaTeX Warning: Reference `tab:v3-detection' on page 10 undefined on input line 
733.


[10.10{C:/Users/anshu/AppData/Local/Programs/MiKTeX/fonts/enc/dvips/libertine/l
btn_oexx6f.enc}]

Package fancyhdr Warning: \headheight is too small (13.0pt): 
(fancyhdr)                Make it at least 18.48402pt, for example:
(fancyhdr)                \setlength{\headheight}{18.48402pt}.
(fancyhdr)                You might also make \topmargin smaller:
(fancyhdr)                \addtolength{\topmargin}{-5.48402pt}.

[11.11]
Underfull \vbox (badness 6396) has occurred while \output is active
[12.12]

Package fancyhdr Warning: \headheight is too small (13.0pt): 
(fancyhdr)                Make it at least 18.48402pt, for example:
(fancyhdr)                \setlength{\headheight}{18.48402pt}.
(fancyhdr)                You might also make \topmargin smaller:
(fancyhdr)                \addtolength{\topmargin}{-5.48402pt}.

[13.13]
[14.14]

Package natbib Warning: There were undefined citations.



Package fancyhdr Warning: \headheight is too small (13.0pt): 
(fancyhdr)                Make it at least 18.48402pt, for example:
(fancyhdr)                \setlength{\headheight}{18.48402pt}.
(fancyhdr)                You might also make \topmargin smaller:
(fancyhdr)                \addtolength{\topmargin}{-5.48402pt}.

[15.15]

LaTeX Warning: Hook 'shipout/lastpage' executed on wrong page (1 not 15).
               Rerun to correct this.

(fse_focused_v4.aux

Package natbib Warning: Citation(s) may have changed.
(natbib)                Rerun to get citations correct.

)

LaTeX Warning: There were undefined references.


LaTeX Warning: Label(s) may have changed. Rerun to get cross-references right.


Package rerunfilecheck Warning: File `fse_focused_v4.out' has changed.
(rerunfilecheck)                Rerun to get outlines right
(rerunfilecheck)                or use package `bookmark'.

 )
(see the transcript file for additional information)<C:/Users/anshu/AppData/Loc
al/Programs/MiKTeX/fonts/type1/public/inconsolata/Inconsolata-zi4r.pfb><C:/User
s/anshu/AppData/Local/Programs/MiKTeX/fonts/type1/public/newtx/LibertineMathMI.
pfb><C:/Users/anshu/AppData/Local/Programs/MiKTeX/fonts/type1/public/libertine/
LinBiolinumT.pfb><C:/Users/anshu/AppData/Local/Programs/MiKTeX/fonts/type1/publ
ic/libertine/LinBiolinumTB.pfb><C:/Users/anshu/AppData/Local/Programs/MiKTeX/fo
nts/type1/public/libertine/LinLibertineT.pfb><C:/Users/anshu/AppData/Local/Prog
rams/MiKTeX/fonts/type1/public/libertine/LinLibertineTB.pfb><C:/Users/anshu/App
Data/Local/Programs/MiKTeX/fonts/type1/public/libertine/LinLibertineTBI.pfb><C:
/Users/anshu/AppData/Local/Programs/MiKTeX/fonts/type1/public/libertine/LinLibe
rtineTI.pfb><C:/Users/anshu/AppData/Local/Programs/MiKTeX/fonts/type1/public/ne
wtx/NewTXMI.pfb><C:/Users/anshu/AppData/Local/Programs/MiKTeX/fonts/type1/publi
c/newtx/txsys.pfb>
Output written on fse_focused_v4.pdf (15 pages, 530916 bytes).
Transcript written on fse_focused_v4.log.
Latexmk: Getting log file 'fse_focused_v4.log'
Latexmk: Examining 'fse_focused_v4.fls'
Latexmk: Examining 'fse_focused_v4.log'
Latexmk: References changed.
Latexmk: References changed.
Latexmk: References changed.
Latexmk: Log file says output to 'fse_focused_v4.pdf'
Latexmk: applying rule 'pdflatex'...
Rule 'pdflatex':  Reasons for rerun
Changed files or newly in use/created:
  fse_focused_v4.aux
  fse_focused_v4.out

------------
Run number 2 of rule 'pdflatex'
------------
------------
Running 'pdflatex  -interaction=nonstopmode -halt-on-error -recorder  "fse_focused_v4.tex"'
------------
This is pdfTeX, Version 3.141592653-2.6-1.40.27 (MiKTeX 25.4) (preloaded format=pdflatex.fmt)
 restricted \write18 enabled.
entering extended mode
(fse_focused_v4.tex
LaTeX2e <2025-06-01> patch level 1
L3 programming layer <2025-09-02>
(C:\Users\anshu\AppData\Local\Programs\MiKTeX\tex/latex/acmart\acmart.cls
Document Class: acmart 2025/08/27 v2.16 Typesetting articles for the Associatio
n for Computing Machinery
(C:\Users\anshu\AppData\Local\Programs\MiKTeX\tex/latex/xkeyval\xkeyval.sty
(C:\Users\anshu\AppData\Local\Programs\MiKTeX\tex/generic/xkeyval\xkeyval.tex
(C:\Users\anshu\AppData\Local\Programs\MiKTeX\tex/generic/xkeyval\xkvutils.tex
(C:\Users\anshu\AppData\Local\Programs\MiKTeX\tex/generic/xkeyval\keyval.tex)))
) (C:\Users\anshu\AppData\Local\Programs\MiKTeX\tex/latex/xstring\xstring.sty
(C:\Users\anshu\AppData\Local\Programs\MiKTeX\tex/generic/xstring\xstring.tex))
 (C:\Users\anshu\AppData\Local\Programs\MiKTeX\tex/generic/iftex\iftex.sty)
(C:\Users\anshu\AppData\Local\Programs\MiKTeX\tex/latex/amscls\amsart.cls
Document Class: amsart 2020/05/29 v2.20.6
(C:\Users\anshu\AppData\Local\Programs\MiKTeX\tex/latex/amsmath\amsmath.sty
For additional information on amsmath, use the `?' option.
(C:\Users\anshu\AppData\Local\Programs\MiKTeX\tex/latex/amsmath\amstext.sty
(C:\Users\anshu\AppData\Local\Programs\MiKTeX\tex/latex/amsmath\amsgen.sty))
(C:\Users\anshu\AppData\Local\Programs\MiKTeX\tex/latex/amsmath\amsbsy.sty)
(C:\Users\anshu\AppData\Local\Programs\MiKTeX\tex/latex/amsmath\amsopn.sty))
(C:\Users\anshu\AppData\Local\Programs\MiKTeX\tex/latex/amsfonts\umsa.fd)
(C:\Users\anshu\AppData\Local\Programs\MiKTeX\tex/latex/amsfonts\amsfonts.sty))

(C:\Users\anshu\AppData\Local\Programs\MiKTeX\tex/latex/microtype\microtype.sty
(C:\Users\anshu\AppData\Local\Programs\MiKTeX\tex/latex/etoolbox\etoolbox.sty)
(C:\Users\anshu\AppData\Local\Programs\MiKTeX\tex/latex/microtype\microtype-pdf
tex.def)
(C:\Users\anshu\AppData\Local\Programs\MiKTeX\tex/latex/microtype\microtype.cfg
))
(C:\Users\anshu\AppData\Local\Programs\MiKTeX\tex/latex/booktabs\booktabs.sty)
(C:\Users\anshu\AppData\Local\Programs\MiKTeX\tex/latex/refcount\refcount.sty
(C:\Users\anshu\AppData\Local\Programs\MiKTeX\tex/generic/ltxcmds\ltxcmds.sty)
(C:\Users\anshu\AppData\Local\Programs\MiKTeX\tex/generic/infwarerr\infwarerr.s
ty))
(C:\Users\anshu\AppData\Local\Programs\MiKTeX\tex/latex/totpages\totpages.sty
(C:\Users\anshu\AppData\Local\Programs\MiKTeX\tex/latex/everyshi\everyshi.sty))
 (C:\Users\anshu\AppData\Local\Programs\MiKTeX\tex/latex/environ\environ.sty
(C:\Users\anshu\AppData\Local\Programs\MiKTeX\tex/latex/trimspaces\trimspaces.s
ty)) (C:\Users\anshu\AppData\Local\Programs\MiKTeX\tex/latex/natbib\natbib.sty)
 (C:\Users\anshu\AppData\Local\Programs\MiKTeX\tex/latex/hyperref\hyperref.sty
(C:\Users\anshu\AppData\Local\Programs\MiKTeX\tex/latex/kvsetkeys\kvsetkeys.sty
)
(C:\Users\anshu\AppData\Local\Programs\MiKTeX\tex/generic/kvdefinekeys\kvdefine
keys.sty)
(C:\Users\anshu\AppData\Local\Programs\MiKTeX\tex/generic/pdfescape\pdfescape.s
ty
(C:\Users\anshu\AppData\Local\Programs\MiKTeX\tex/generic/pdftexcmds\pdftexcmds
.sty))
(C:\Users\anshu\AppData\Local\Programs\MiKTeX\tex/latex/hycolor\hycolor.sty)
(C:\Users\anshu\AppData\Local\Programs\MiKTeX\tex/latex/hyperref\nameref.sty
(C:\Users\anshu\AppData\Local\Programs\MiKTeX\tex/generic/gettitlestring\gettit
lestring.sty
(C:\Users\anshu\AppData\Local\Programs\MiKTeX\tex/latex/kvoptions\kvoptions.sty
)))
(C:\Users\anshu\AppData\Local\Programs\MiKTeX\tex/generic/stringenc\stringenc.s
ty) (C:\Users\anshu\AppData\Local\Programs\MiKTeX\tex/latex/hyperref\pd1enc.def
) (C:\Users\anshu\AppData\Local\Programs\MiKTeX\tex/generic/intcalc\intcalc.sty
) (C:\Users\anshu\AppData\Local\Programs\MiKTeX\tex/latex/hyperref\puenc.def)
(C:\Users\anshu\AppData\Local\Programs\MiKTeX\tex/latex/url\url.sty)
(C:\Users\anshu\AppData\Local\Programs\MiKTeX\tex/generic/bitset\bitset.sty
(C:\Users\anshu\AppData\Local\Programs\MiKTeX\tex/generic/bigintcalc\bigintcalc
.sty)))
(C:\Users\anshu\AppData\Local\Programs\MiKTeX\tex/latex/hyperref\hpdftex.def
(C:\Users\anshu\AppData\Local\Programs\MiKTeX\tex/latex/rerunfilecheck\rerunfil
echeck.sty
(C:\Users\anshu\AppData\Local\Programs\MiKTeX\tex/generic/uniquecounter\uniquec
ounter.sty)))
(C:\Users\anshu\AppData\Local\Programs\MiKTeX\tex/latex/hyperxmp\hyperxmp.sty
(C:\Users\anshu\AppData\Local\Programs\MiKTeX\tex/latex/ifmtarg\ifmtarg.sty)
(C:\Users\anshu\AppData\Local\Programs\MiKTeX\tex/latex/base\ifthen.sty)
(C:\Users\anshu\AppData\Local\Programs\MiKTeX\tex/latex/oberdiek\ifdraft.sty)
(C:\Users\anshu\AppData\Local\Programs\MiKTeX\tex/generic/iftex\ifluatex.sty))
(C:\Users\anshu\AppData\Local\Programs\MiKTeX\tex/latex/graphics\graphicx.sty
(C:\Users\anshu\AppData\Local\Programs\MiKTeX\tex/latex/graphics\graphics.sty
(C:\Users\anshu\AppData\Local\Programs\MiKTeX\tex/latex/graphics\trig.sty)
(C:\Users\anshu\AppData\Local\Programs\MiKTeX\tex/latex/graphics-cfg\graphics.c
fg)
(C:\Users\anshu\AppData\Local\Programs\MiKTeX\tex/latex/graphics-def\pdftex.def
))) (C:\Users\anshu\AppData\Local\Programs\MiKTeX\tex/latex/xcolor\xcolor.sty
(C:\Users\anshu\AppData\Local\Programs\MiKTeX\tex/latex/graphics-cfg\color.cfg)
(C:\Users\anshu\AppData\Local\Programs\MiKTeX\tex/latex/graphics\mathcolor.ltx)
) (C:\Users\anshu\AppData\Local\Programs\MiKTeX\tex/latex/geometry\geometry.sty
(C:\Users\anshu\AppData\Local\Programs\MiKTeX\tex/generic/iftex\ifvtex.sty)
(C:\Users\anshu\AppData\Local\Programs\MiKTeX\tex/latex/geometry\geometry.cfg))
(C:\Users\anshu\AppData\Local\Programs\MiKTeX\tex/latex/ncctools\manyfoot.sty
(C:\Users\anshu\AppData\Local\Programs\MiKTeX\tex/latex/ncctools\nccfoots.sty))

(C:\Users\anshu\AppData\Local\Programs\MiKTeX\tex/generic/pdftex\glyphtounicode
.tex) (C:\Users\anshu\AppData\Local\Programs\MiKTeX\tex/latex/cmap\cmap.sty)
(C:\Users\anshu\AppData\Local\Programs\MiKTeX\tex/latex/base\fontenc.sty<<t1.cm
ap>>)
(C:\Users\anshu\AppData\Local\Programs\MiKTeX\tex/latex/libertine\libertine.sty
(C:\Users\anshu\AppData\Local\Programs\MiKTeX\tex/generic/iftex\ifxetex.sty)
(C:\Users\anshu\AppData\Local\Programs\MiKTeX\tex/latex/base\textcomp.sty)
(C:\Users\anshu\AppData\Local\Programs\MiKTeX\tex/latex/base\fontenc.sty)
(C:\Users\anshu\AppData\Local\Programs\MiKTeX\tex/latex/fontaxes\fontaxes.sty
(C:\Users\anshu\AppData\Local\Programs\MiKTeX\tex/latex/figureversions\figureve
rsions.sty))
(C:\Users\anshu\AppData\Local\Programs\MiKTeX\tex/latex/libertine\LinLibertine_
I.tex))
(C:\Users\anshu\AppData\Local\Programs\MiKTeX\tex/latex/inconsolata\zi4.sty
`inconsolata-zi4' v1.12, 2019/05/17 Text macros for Inconsolata (msharpe))
(C:\Users\anshu\AppData\Local\Programs\MiKTeX\tex/latex/newtx\newtxmath.sty
`newtxmath' v1.754, 2024/09/22 Math macros based originally on txfonts (msharpe
)
(C:\Users\anshu\AppData\Local\Programs\MiKTeX\tex/latex/oberdiek\centernot.sty)
(C:\Users\anshu\AppData\Local\Programs\MiKTeX\tex/generic/binhex\binhex.tex)
amsthm NOT loaded
) (C:\Users\anshu\AppData\Local\Programs\MiKTeX\tex/latex/caption\caption.sty
(C:\Users\anshu\AppData\Local\Programs\MiKTeX\tex/latex/caption\caption3.sty
(C:\Users\anshu\AppData\Local\Programs\MiKTeX\tex/latex/caption\caption-ams-smf
.sto))) (C:\Users\anshu\AppData\Local\Programs\MiKTeX\tex/latex/float\float.sty
) (C:\Users\anshu\AppData\Local\Programs\MiKTeX\tex/latex/comment\comment.sty
Excluding comment 'comment') Excluding comment 'CCSXML'
(C:\Users\anshu\AppData\Local\Programs\MiKTeX\tex/latex/fancyhdr\fancyhdr.sty)
Special comment 'acks'
(C:\Users\anshu\AppData\Local\Programs\MiKTeX\tex/latex/libertine\t1linuxlibert
inet-tlf.fd))
(C:\Users\anshu\AppData\Local\Programs\MiKTeX\tex/latex/tools\tabularx.sty
(C:\Users\anshu\AppData\Local\Programs\MiKTeX\tex/latex/tools\array.sty))
(C:\Users\anshu\AppData\Local\Programs\MiKTeX\tex/latex/enumitem\enumitem.sty)
(C:\Users\anshu\AppData\Local\Programs\MiKTeX\tex/latex/listings\listings.sty
(C:\Users\anshu\AppData\Local\Programs\MiKTeX\tex/latex/listings\lstpatch.sty)
(C:\Users\anshu\AppData\Local\Programs\MiKTeX\tex/latex/listings\lstmisc.sty)
(C:\Users\anshu\AppData\Local\Programs\MiKTeX\tex/latex/listings\listings.cfg))
Include comment 'screenonly' Excluding comment 'printonly'
Include comment 'anonsuppress'
(C:\Users\anshu\AppData\Local\Programs\MiKTeX\tex/latex/l3backend\l3backend-pdf
tex.def) (fse_focused_v4.aux)
(C:\Users\anshu\AppData\Local\Programs\MiKTeX\tex/latex/newtx\omlnxlmi.fd)
(C:\Users\anshu\AppData\Local\Programs\MiKTeX\tex/latex/newtx\untxexa.fd)
(C:\Users\anshu\AppData\Local\Programs\MiKTeX\tex/latex/newtx\lmsntxsy.fd)
(C:\Users\anshu\AppData\Local\Programs\MiKTeX\tex/latex/newtx\lmxntxexx.fd)
(C:\Users\anshu\AppData\Local\Programs\MiKTeX\tex/latex/libertine\ot1linuxliber
tinet-tlf.fd)<<ot1.cmap>><<oml.cmap>>
(C:\Users\anshu\AppData\Local\Programs\MiKTeX\tex/latex/amsfonts\umsa.fd)
(C:\Users\anshu\AppData\Local\Programs\MiKTeX\tex/latex/amsfonts\umsb.fd)
(C:\Users\anshu\AppData\Local\Programs\MiKTeX\tex/latex/newtx\untxmia.fd)
(C:\Users\anshu\AppData\Local\Programs\MiKTeX\tex/latex/newtx\untxsym.fd)
(C:\Users\anshu\AppData\Local\Programs\MiKTeX\tex/latex/newtx\untxsyc.fd)
(fse_focused_v4.out) (fse_focused_v4.out)
(C:\Users\anshu\AppData\Local\Programs\MiKTeX\tex/context/base/mkii\supp-pdf.mk
ii
[Loading MPS to PDF converter (version 2006.09.02).]
)
(C:\Users\anshu\AppData\Local\Programs\MiKTeX\tex/latex/epstopdf-pkg\epstopdf-b
ase.sty
(C:\Users\anshu\AppData\Local\Programs\MiKTeX\tex/latex/00miktex\epstopdf-sys.c
fg))
*geometry* driver: auto-detecting
*geometry* detected driver: pdftex
(C:\Users\anshu\AppData\Local\Programs\MiKTeX\tex/latex/upquote\upquote.sty)
(C:\Users\anshu\AppData\Local\Programs\MiKTeX\tex/latex/libertine\t1linuxbiolin
umt-tlf.fd)
[1.1{C:/Users/anshu/AppData/Local/MiKTeX/fonts/map/pdftex/pdftex.map}{C:/Users/
anshu/AppData/Local/Programs/MiKTeX/fonts/enc/dvips/libertine/lbtn_25tcsq.enc}{
C:/Users/anshu/AppData/Local/Programs/MiKTeX/fonts/enc/dvips/libertine/lbtn_76g
pa5.enc}{C:/Users/anshu/AppData/Local/Programs/MiKTeX/fonts/enc/dvips/libertine
/lbtn_7grukw.enc}{C:/Users/anshu/AppData/Local/Programs/MiKTeX/fonts/enc/dvips/
libertine/lbtn_nh77jq.enc}]
(C:\Users\anshu\AppData\Local\Programs\MiKTeX\tex/latex/microtype\mt-msa.cfg)
(C:\Users\anshu\AppData\Local\Programs\MiKTeX\tex/latex/microtype\mt-msb.cfg)
[2.2]

Package fancyhdr Warning: \headheight is too small (13.0pt): 
(fancyhdr)                Make it at least 18.48402pt, for example:
(fancyhdr)                \setlength{\headheight}{18.48402pt}.
(fancyhdr)                You might also make \topmargin smaller:
(fancyhdr)                \addtolength{\topmargin}{-5.48402pt}.

[3.3]
[4.4]

Package fancyhdr Warning: \headheight is too small (13.0pt): 
(fancyhdr)                Make it at least 18.48402pt, for example:
(fancyhdr)                \setlength{\headheight}{18.48402pt}.
(fancyhdr)                You might also make \topmargin smaller:
(fancyhdr)                \addtolength{\topmargin}{-5.48402pt}.

[5.5]
(C:\Users\anshu\AppData\Local\Programs\MiKTeX\tex/latex/inconsolata\t1zi4.fd)
Underfull \vbox (badness 10000) has occurred while \output is active
[6.6{C:/Users/anshu/AppData/Local/Programs/MiKTeX/fonts/enc/dvips/inconsolata/i
4-t1-4.enc}]
Underfull \vbox (badness 10000) has occurred while \output is active

Package fancyhdr Warning: \headheight is too small (13.0pt): 
(fancyhdr)                Make it at least 18.48402pt, for example:
(fancyhdr)                \setlength{\headheight}{18.48402pt}.
(fancyhdr)                You might also make \topmargin smaller:
(fancyhdr)                \addtolength{\topmargin}{-5.48402pt}.

[7.7]
Overfull \hbox (24.0963pt too wide) in paragraph at lines 576--580
[]\T1/LinuxLibertineT-TLF/b/n/10 (-20) It trans-ferred to a fault type it had n
ever seen. \T1/LinuxLibertineT-TLF/m/n/10 (-20) The re-design caught the sealed
 RE-SOURCE_BUDGET

Underfull \vbox (badness 10000) has occurred while \output is active
[8.8]

Package fancyhdr Warning: \headheight is too small (13.0pt): 
(fancyhdr)                Make it at least 18.48402pt, for example:
(fancyhdr)                \setlength{\headheight}{18.48402pt}.
(fancyhdr)                You might also make \topmargin smaller:
(fancyhdr)                \addtolength{\topmargin}{-5.48402pt}.

[9.9{C:/Users/anshu/AppData/Local/Programs/MiKTeX/fonts/enc/dvips/libertine/lbt
n_ki75ao.enc}]
[10.10{C:/Users/anshu/AppData/Local/Programs/MiKTeX/fonts/enc/dvips/libertine/l
btn_oexx6f.enc}]

Package fancyhdr Warning: \headheight is too small (13.0pt): 
(fancyhdr)                Make it at least 18.48402pt, for example:
(fancyhdr)                \setlength{\headheight}{18.48402pt}.
(fancyhdr)                You might also make \topmargin smaller:
(fancyhdr)                \addtolength{\topmargin}{-5.48402pt}.

[11.11]
Underfull \vbox (badness 6396) has occurred while \output is active
[12.12]

Package fancyhdr Warning: \headheight is too small (13.0pt): 
(fancyhdr)                Make it at least 18.48402pt, for example:
(fancyhdr)                \setlength{\headheight}{18.48402pt}.
(fancyhdr)                You might also make \topmargin smaller:
(fancyhdr)                \addtolength{\topmargin}{-5.48402pt}.

[13.13]
[14.14]

Class acmart Warning: ACM reference format is mandatory 
(acmart)              for papers over one page. 
(acmart)              Please add printacmref=true to the 
(acmart)              \settopmatter command..


Class acmart Warning: CCS concepts are mandatory for papers over two pages.



Package fancyhdr Warning: \headheight is too small (13.0pt): 
(fancyhdr)                Make it at least 18.48402pt, for example:
(fancyhdr)                \setlength{\headheight}{18.48402pt}.
(fancyhdr)                You might also make \topmargin smaller:
(fancyhdr)                \addtolength{\topmargin}{-5.48402pt}.


(C:\Users\anshu\AppData\Local\Programs\MiKTeX\tex/generic/stringenc\se-pdfdoc.d
ef)
(C:\Users\anshu\AppData\Local\Programs\MiKTeX\tex/generic/stringenc\se-utf8.def
) [15.15] (fse_focused_v4.aux) )
(see the transcript file for additional information)<C:/Users/anshu/AppData/Loc
al/Programs/MiKTeX/fonts/type1/public/inconsolata/Inconsolata-zi4r.pfb><C:/User
s/anshu/AppData/Local/Programs/MiKTeX/fonts/type1/public/newtx/LibertineMathMI.
pfb><C:/Users/anshu/AppData/Local/Programs/MiKTeX/fonts/type1/public/libertine/
LinBiolinumT.pfb><C:/Users/anshu/AppData/Local/Programs/MiKTeX/fonts/type1/publ
ic/libertine/LinBiolinumTB.pfb><C:/Users/anshu/AppData/Local/Programs/MiKTeX/fo
nts/type1/public/libertine/LinLibertineT.pfb><C:/Users/anshu/AppData/Local/Prog
rams/MiKTeX/fonts/type1/public/libertine/LinLibertineTB.pfb><C:/Users/anshu/App
Data/Local/Programs/MiKTeX/fonts/type1/public/libertine/LinLibertineTBI.pfb><C:
/Users/anshu/AppData/Local/Programs/MiKTeX/fonts/type1/public/libertine/LinLibe
rtineTI.pfb><C:/Users/anshu/AppData/Local/Programs/MiKTeX/fonts/type1/public/ne
wtx/NewTXMI.pfb><C:/Users/anshu/AppData/Local/Programs/MiKTeX/fonts/type1/publi
c/newtx/txsys.pfb>
Output written on fse_focused_v4.pdf (15 pages, 541252 bytes).
Transcript written on fse_focused_v4.log.
Latexmk: Getting log file 'fse_focused_v4.log'
Latexmk: Examining 'fse_focused_v4.fls'
Latexmk: Examining 'fse_focused_v4.log'
Latexmk: Log file says output to 'fse_focused_v4.pdf'
Latexmk: All targets (fse_focused_v4.pdf) are up-to-date

